../Core/Src/common.c:29:5:clamp	24	static
../Core/Src/common.c:36:6:randinit	8	static
../Core/Src/common.c:41:7:getrand	16	static
../Core/Src/common.c:46:7:dig_to_smb	16	static
../Core/Src/common.c:65:6:u16_to_str	48	static
../Core/Src/common.c:105:6:commoninit	8	static
../Core/Src/common.c:116:6:initbuttons	40	static
../Core/Src/common.c:126:7:getbatlvl	24	static
../Core/Src/common.c:153:6:batcheck	8	static
../Core/Src/common.c:159:6:ShutDownLB	16	static
../Core/Src/common.c:168:6:ShutDown	16	static
../Core/Src/common.c:176:6:getbrightlvl	4	static
../Core/Src/common.c:181:6:decbright	8	static
../Core/Src/common.c:189:6:incbright	8	static
../Core/Src/common.c:199:6:BrightPWMgen	24	static
../Core/Src/common.c:323:9:CreateBtn	56	static
../Core/Src/common.c:337:6:check_btn_jstk	8	static
../Core/Src/common.c:346:6:TestBtn	16	static
../Core/Src/common.c:374:6:checkjoydir	4	static
../Core/Src/common.c:395:6:pressbutton	16	static
../Core/Src/common.c:407:6:EEPROM_writebyte	24	static
../Core/Src/common.c:423:7:EEPROM_readbyte	24	static
