../Core/Src/ILI9341_STM32_Driver.c:8:6:HAL_SPI_TxCpltCallback	16	static
../Core/Src/ILI9341_STM32_Driver.c:18:13:ILI9341_SPI_Tx	16	static
../Core/Src/ILI9341_STM32_Driver.c:25:13:ILI9341_SPI_TxBuffer	16	static
../Core/Src/ILI9341_STM32_Driver.c:32:6:ILI9341_WriteCommand	16	static
../Core/Src/ILI9341_STM32_Driver.c:40:6:ILI9341_WriteData	16	static
../Core/Src/ILI9341_STM32_Driver.c:48:6:ILI9341_WriteBuffer	16	static
../Core/Src/ILI9341_STM32_Driver.c:56:6:ILI9341_WriteBuffer_DMA	16	static
../Core/Src/ILI9341_STM32_Driver.c:67:6:ILI9341_Reset	8	static
../Core/Src/ILI9341_STM32_Driver.c:77:6:ILI9341_Enable	8	static
../Core/Src/ILI9341_STM32_Driver.c:82:6:ILI9341_Init	8	static
../Core/Src/ILI9341_STM32_Driver.c:218:6:ILI9341_SetRotation	16	static
../Core/Src/ILI9341_STM32_Driver.c:251:6:ILI9341_SetWindow	32	static
../Core/Src/ILI9341_STM32_Driver.c:274:6:ILI9341_DrawColor	24	static
../Core/Src/ILI9341_STM32_Driver.c:280:6:ILI9341_DrawColorBurst	80	dynamic
../Core/Src/ILI9341_STM32_Driver.c:322:6:ILI9341_FillScreen	16	static
../Core/Src/ILI9341_STM32_Driver.c:328:6:ILI9341_DrawPixel	32	static
../Core/Src/ILI9341_STM32_Driver.c:346:6:ILI9341_DrawRectangle	24	static
../Core/Src/ILI9341_STM32_Driver.c:364:6:ILI9341_DrawHLine	24	static
../Core/Src/ILI9341_STM32_Driver.c:377:6:ILI9341_DrawVLine	24	static
