../Drivers/CMSIS/Include/core_cm4.h:2064:26:ITM_SendChar	4
../Core/Src/main.c:147:5:_write	2
../Core/Src/main.c:159:6:UART_handler	4
../Core/Src/main.c:181:6:ADC_handler	3
../Core/Src/main.c:231:6:displayparams	10
../Core/Src/main.c:295:5:main	1
../Core/Src/main.c:432:6:SystemClock_Config	3
../Core/Src/main.c:480:13:MX_ADC1_Init	7
../Core/Src/main.c:568:13:MX_I2S3_Init	2
../Core/Src/main.c:602:13:MX_RTC_Init	4
../Core/Src/main.c:665:13:MX_SPI1_Init	2
../Core/Src/main.c:703:13:MX_SPI2_Init	2
../Core/Src/main.c:741:13:MX_TIM11_Init	4
../Core/Src/main.c:787:13:MX_USART1_UART_Init	2
../Core/Src/main.c:820:13:MX_USART3_UART_Init	2
../Core/Src/main.c:853:13:MX_USB_OTG_FS_PCD_Init	2
../Core/Src/main.c:886:13:MX_DMA_Init	1
../Core/Src/main.c:907:13:MX_GPIO_Init	1
../Core/Src/main.c:971:6:HAL_IncTick	1
../Core/Src/main.c:977:6:HAL_UART_RxCpltCallback	2
../Core/Src/main.c:986:6:HAL_UART_TxCpltCallback	1
../Core/Src/main.c:993:6:HAL_ADC_ConvCpltCallback	3
../Core/Src/main.c:1019:6:Error_Handler	1
