../Drivers/CMSIS/Include/core_cm4.h:2064:26:ITM_SendChar	16	static,ignoring_inline_asm
../Core/Src/main.c:151:5:_write	32	static
../Core/Src/main.c:163:6:UART_handler	8	static
../Core/Src/main.c:186:6:ADC_handler	8	static
../Core/Src/main.c:236:6:displayparams	24	static
../Core/Src/main.c:294:6:showmatrix	40	static
../Core/Src/main.c:329:5:main	8	static
../Core/Src/main.c:469:6:SystemClock_Config	88	static
../Core/Src/main.c:517:13:MX_ADC1_Init	24	static
../Core/Src/main.c:605:13:MX_I2S3_Init	8	static
../Core/Src/main.c:639:13:MX_RTC_Init	32	static
../Core/Src/main.c:702:13:MX_SPI1_Init	8	static
../Core/Src/main.c:740:13:MX_SPI2_Init	8	static
../Core/Src/main.c:778:13:MX_TIM11_Init	40	static
../Core/Src/main.c:824:13:MX_USART1_UART_Init	8	static
../Core/Src/main.c:857:13:MX_USART3_UART_Init	8	static
../Core/Src/main.c:890:13:MX_USB_OTG_FS_PCD_Init	8	static
../Core/Src/main.c:923:13:MX_DMA_Init	16	static
../Core/Src/main.c:944:13:MX_GPIO_Init	48	static
../Core/Src/main.c:1008:6:HAL_IncTick	8	static
../Core/Src/main.c:1014:6:HAL_UART_RxCpltCallback	16	static
../Core/Src/main.c:1023:6:HAL_UART_TxCpltCallback	16	static
../Core/Src/main.c:1030:6:HAL_ADC_ConvCpltCallback	16	static
../Core/Src/main.c:1056:6:Error_Handler	4	static,ignoring_inline_asm
