../Drivers/CMSIS/Include/core_cm4.h:2064:26:ITM_SendChar	16	static,ignoring_inline_asm
../Core/Src/main.c:147:5:_write	32	static
../Core/Src/main.c:159:6:UART_handler	8	static
../Core/Src/main.c:182:6:ADC_handler	8	static
../Core/Src/main.c:232:6:displayparams	24	static
../Core/Src/main.c:296:5:main	8	static
../Core/Src/main.c:433:6:SystemClock_Config	88	static
../Core/Src/main.c:481:13:MX_ADC1_Init	24	static
../Core/Src/main.c:569:13:MX_I2S3_Init	8	static
../Core/Src/main.c:603:13:MX_RTC_Init	32	static
../Core/Src/main.c:666:13:MX_SPI1_Init	8	static
../Core/Src/main.c:704:13:MX_SPI2_Init	8	static
../Core/Src/main.c:742:13:MX_TIM11_Init	40	static
../Core/Src/main.c:788:13:MX_USART1_UART_Init	8	static
../Core/Src/main.c:821:13:MX_USART3_UART_Init	8	static
../Core/Src/main.c:854:13:MX_USB_OTG_FS_PCD_Init	8	static
../Core/Src/main.c:887:13:MX_DMA_Init	16	static
../Core/Src/main.c:908:13:MX_GPIO_Init	48	static
../Core/Src/main.c:972:6:HAL_IncTick	8	static
../Core/Src/main.c:978:6:HAL_UART_RxCpltCallback	16	static
../Core/Src/main.c:987:6:HAL_UART_TxCpltCallback	16	static
../Core/Src/main.c:994:6:HAL_ADC_ConvCpltCallback	16	static
../Core/Src/main.c:1020:6:Error_Handler	4	static,ignoring_inline_asm
