../Drivers/CMSIS/Include/core_cm4.h:2064:26:ITM_SendChar	4
../Core/Src/main.c:151:5:_write	2
../Core/Src/main.c:163:6:UART_handler	4
../Core/Src/main.c:186:6:ADC_handler	3
../Core/Src/main.c:236:6:displayparams	10
../Core/Src/main.c:294:6:showmatrix	5
../Core/Src/main.c:329:5:main	1
../Core/Src/main.c:469:6:SystemClock_Config	3
../Core/Src/main.c:517:13:MX_ADC1_Init	7
../Core/Src/main.c:605:13:MX_I2S3_Init	2
../Core/Src/main.c:639:13:MX_RTC_Init	4
../Core/Src/main.c:702:13:MX_SPI1_Init	2
../Core/Src/main.c:740:13:MX_SPI2_Init	2
../Core/Src/main.c:778:13:MX_TIM11_Init	4
../Core/Src/main.c:824:13:MX_USART1_UART_Init	2
../Core/Src/main.c:857:13:MX_USART3_UART_Init	2
../Core/Src/main.c:890:13:MX_USB_OTG_FS_PCD_Init	2
../Core/Src/main.c:923:13:MX_DMA_Init	1
../Core/Src/main.c:944:13:MX_GPIO_Init	1
../Core/Src/main.c:1008:6:HAL_IncTick	1
../Core/Src/main.c:1014:6:HAL_UART_RxCpltCallback	2
../Core/Src/main.c:1023:6:HAL_UART_TxCpltCallback	1
../Core/Src/main.c:1030:6:HAL_ADC_ConvCpltCallback	3
../Core/Src/main.c:1056:6:Error_Handler	1
