../Core/Src/stm32f4xx_hal_msp.c:66:6:HAL_MspInit	8	static
../Core/Src/stm32f4xx_hal_msp.c:89:6:HAL_ADC_MspInit	40	static
../Core/Src/stm32f4xx_hal_msp.c:125:6:HAL_ADC_MspDeInit	0	static
../Core/Src/stm32f4xx_hal_msp.c:155:6:HAL_I2S_MspInit	144	static
../Core/Src/stm32f4xx_hal_msp.c:213:6:HAL_I2S_MspDeInit	8	static
../Core/Src/stm32f4xx_hal_msp.c:246:6:HAL_RTC_MspInit	104	static
../Core/Src/stm32f4xx_hal_msp.c:280:6:HAL_RTC_MspDeInit	0	static
../Core/Src/stm32f4xx_hal_msp.c:302:6:HAL_SPI_MspInit	56	static
../Core/Src/stm32f4xx_hal_msp.c:390:6:HAL_SPI_MspDeInit	8	static
../Core/Src/stm32f4xx_hal_msp.c:442:6:HAL_TIM_Base_MspInit	8	static
../Core/Src/stm32f4xx_hal_msp.c:459:6:HAL_TIM_MspPostInit	32	static
../Core/Src/stm32f4xx_hal_msp.c:491:6:HAL_TIM_Base_MspDeInit	0	static
../Core/Src/stm32f4xx_hal_msp.c:513:6:HAL_UART_MspInit	64	static
../Core/Src/stm32f4xx_hal_msp.c:581:6:HAL_UART_MspDeInit	8	static
../Core/Src/stm32f4xx_hal_msp.c:630:6:HAL_PCD_MspInit	136	static
../Core/Src/stm32f4xx_hal_msp.c:677:6:HAL_PCD_MspDeInit	0	static
