../Core/Src/stm32f4xx_hal_msp.c:68:6:HAL_MspInit	8	static
../Core/Src/stm32f4xx_hal_msp.c:91:6:HAL_ADC_MspInit	48	static
../Core/Src/stm32f4xx_hal_msp.c:146:6:HAL_ADC_MspDeInit	8	static
../Core/Src/stm32f4xx_hal_msp.c:178:6:HAL_I2S_MspInit	144	static
../Core/Src/stm32f4xx_hal_msp.c:236:6:HAL_I2S_MspDeInit	8	static
../Core/Src/stm32f4xx_hal_msp.c:269:6:HAL_RTC_MspInit	104	static
../Core/Src/stm32f4xx_hal_msp.c:303:6:HAL_RTC_MspDeInit	0	static
../Core/Src/stm32f4xx_hal_msp.c:325:6:HAL_SPI_MspInit	64	static
../Core/Src/stm32f4xx_hal_msp.c:417:6:HAL_SPI_MspDeInit	8	static
../Core/Src/stm32f4xx_hal_msp.c:473:6:HAL_TIM_Base_MspInit	8	static
../Core/Src/stm32f4xx_hal_msp.c:490:6:HAL_TIM_MspPostInit	32	static
../Core/Src/stm32f4xx_hal_msp.c:522:6:HAL_TIM_Base_MspDeInit	0	static
../Core/Src/stm32f4xx_hal_msp.c:544:6:HAL_UART_MspInit	64	static
../Core/Src/stm32f4xx_hal_msp.c:612:6:HAL_UART_MspDeInit	8	static
../Core/Src/stm32f4xx_hal_msp.c:661:6:HAL_PCD_MspInit	136	static
../Core/Src/stm32f4xx_hal_msp.c:708:6:HAL_PCD_MspDeInit	0	static
