../Core/Src/common.c:29:7:clamp	16	static
../Core/Src/common.c:36:6:randinit	8	static
../Core/Src/common.c:41:7:getrand	16	static
../Core/Src/common.c:46:7:dig_to_smb	16	static
../Core/Src/common.c:64:6:u16_to_str	48	static
../Core/Src/common.c:104:6:commoninit	8	static
../Core/Src/common.c:115:6:initbuttons	40	static
../Core/Src/common.c:125:7:getbatlvl	24	static
../Core/Src/common.c:149:6:batcheck	8	static
../Core/Src/common.c:155:6:ShutDownLB	16	static
../Core/Src/common.c:165:6:ShutDown	16	static
../Core/Src/common.c:174:6:getbrightlvl	4	static
../Core/Src/common.c:179:6:decbright	8	static
../Core/Src/common.c:187:6:incbright	8	static
../Core/Src/common.c:197:6:BrightPWMgen	24	static
../Core/Src/common.c:321:9:CreateBtn	56	static
../Core/Src/common.c:335:6:check_btn_jstk	8	static
../Core/Src/common.c:344:6:TestBtn	16	static
../Core/Src/common.c:372:6:checkjoydir	4	static
../Core/Src/common.c:396:6:EEPROM_writebyte	24	static
../Core/Src/common.c:412:7:EEPROM_readbyte	24	static
