../Core/Src/common.c:30:5:clamp	0	static
../Core/Src/common.c:37:6:randinit	0	static
../Core/Src/common.c:42:7:getrand	8	static
../Core/Src/common.c:47:7:dig_to_smb	0	static
../Core/Src/common.c:66:6:u16_to_str	16	static
../Core/Src/common.c:117:6:initbuttons	8	static
../Core/Src/common.c:106:6:commoninit	8	static
../Core/Src/common.c:127:7:getbatlvl	0	static
../Core/Src/common.c:160:6:ShutDownLB	16	static
../Core/Src/common.c:154:6:batcheck	8	static
../Core/Src/common.c:169:6:ShutDown	16	static
../Core/Src/common.c:177:6:getbrightlvl	0	static
../Core/Src/common.c:182:6:decbright	16	static
../Core/Src/common.c:190:6:incbright	16	static
../Core/Src/common.c:200:6:BrightPWMgen	0	static
../Core/Src/common.c:324:9:CreateBtn	4	static
../Core/Src/common.c:359:6:TestBtn	16	static
../Core/Src/common.c:389:6:checkjoydir	0	static
../Core/Src/common.c:338:6:check_btn_jstk	8	static
../Core/Src/common.c:410:9:pressbutton	8	static
../Core/Src/common.c:424:6:EEPROM_writebyte	16	static
../Core/Src/common.c:440:7:EEPROM_readbyte	8	static
