../Core/Src/ILI9341_GFX.c:244:6:ILI9341_DrawCharFast.part.0	64	static
../Core/Src/ILI9341_GFX.c:13:6:dispbuf_init	0	static
../Core/Src/ILI9341_GFX.c:26:6:ILI9341_DrawHollowCircle	72	static
../Core/Src/ILI9341_GFX.c:61:6:ILI9341_DrawFilledCircle	72	static
../Core/Src/ILI9341_GFX.c:97:6:ILI9341_DrawHollowRectangleCoord	40	static
../Core/Src/ILI9341_GFX.c:143:6:ILI9341_DrawFilledRectangleCoord	12	static
../Core/Src/ILI9341_GFX.c:185:6:ILI9341_DrawChar	64	static
../Core/Src/ILI9341_GFX.c:216:6:ILI9341_DrawText	48	static
../Core/Src/ILI9341_GFX.c:244:6:ILI9341_DrawCharFast	8	static
../Core/Src/ILI9341_GFX.c:292:6:ILI9341_DrawTextFast	56	static
../Core/Src/ILI9341_GFX.c:323:6:ILI9341_DrawImage	24	static
