../Core/Src/main.c:90:5:main	8	static
../Core/Src/main.c:147:6:SystemClock_Config	88	static
../Core/Src/main.c:195:13:MX_ADC1_Init	24	static
../Core/Src/main.c:283:13:MX_I2S3_Init	8	static
../Core/Src/main.c:317:13:MX_RTC_Init	32	static
../Core/Src/main.c:380:13:MX_SPI1_Init	8	static
../Core/Src/main.c:418:13:MX_SPI2_Init	8	static
../Core/Src/main.c:456:13:MX_TIM11_Init	40	static
../Core/Src/main.c:502:13:MX_USART1_UART_Init	8	static
../Core/Src/main.c:535:13:MX_USART3_UART_Init	8	static
../Core/Src/main.c:568:13:MX_USB_OTG_FS_PCD_Init	8	static
../Core/Src/main.c:601:13:MX_DMA_Init	16	static
../Core/Src/main.c:619:13:MX_GPIO_Init	48	static
../Core/Src/main.c:690:6:Error_Handler	4	static,ignoring_inline_asm
