../Drivers/CMSIS/Include/core_cm4.h:2064:26:ITM_SendChar	16	static,ignoring_inline_asm
../Core/Src/main.c:147:5:_write	32	static
../Core/Src/main.c:159:6:UART_handler	8	static
../Core/Src/main.c:181:6:ADC_handler	8	static
../Core/Src/main.c:231:6:displayparams	24	static
../Core/Src/main.c:295:5:main	8	static
../Core/Src/main.c:432:6:SystemClock_Config	88	static
../Core/Src/main.c:480:13:MX_ADC1_Init	24	static
../Core/Src/main.c:568:13:MX_I2S3_Init	8	static
../Core/Src/main.c:602:13:MX_RTC_Init	32	static
../Core/Src/main.c:665:13:MX_SPI1_Init	8	static
../Core/Src/main.c:703:13:MX_SPI2_Init	8	static
../Core/Src/main.c:741:13:MX_TIM11_Init	40	static
../Core/Src/main.c:787:13:MX_USART1_UART_Init	8	static
../Core/Src/main.c:820:13:MX_USART3_UART_Init	8	static
../Core/Src/main.c:853:13:MX_USB_OTG_FS_PCD_Init	8	static
../Core/Src/main.c:886:13:MX_DMA_Init	16	static
../Core/Src/main.c:907:13:MX_GPIO_Init	48	static
../Core/Src/main.c:971:6:HAL_IncTick	8	static
../Core/Src/main.c:977:6:HAL_UART_RxCpltCallback	16	static
../Core/Src/main.c:986:6:HAL_UART_TxCpltCallback	16	static
../Core/Src/main.c:993:6:HAL_ADC_ConvCpltCallback	16	static
../Core/Src/main.c:1019:6:Error_Handler	4	static,ignoring_inline_asm
