../Core/Src/stm32f4xx_hal_msp.c:68:6:HAL_MspInit	8	static
../Core/Src/stm32f4xx_hal_msp.c:91:6:HAL_ADC_MspInit	48	static
../Core/Src/stm32f4xx_hal_msp.c:146:6:HAL_ADC_MspDeInit	8	static
../Core/Src/stm32f4xx_hal_msp.c:178:6:HAL_I2S_MspInit	144	static
../Core/Src/stm32f4xx_hal_msp.c:236:6:HAL_I2S_MspDeInit	8	static
../Core/Src/stm32f4xx_hal_msp.c:269:6:HAL_RTC_MspInit	104	static
../Core/Src/stm32f4xx_hal_msp.c:303:6:HAL_RTC_MspDeInit	0	static
../Core/Src/stm32f4xx_hal_msp.c:325:6:HAL_SPI_MspInit	64	static
../Core/Src/stm32f4xx_hal_msp.c:416:6:HAL_SPI_MspDeInit	8	static
../Core/Src/stm32f4xx_hal_msp.c:471:6:HAL_TIM_Base_MspInit	8	static
../Core/Src/stm32f4xx_hal_msp.c:488:6:HAL_TIM_MspPostInit	40	static
../Core/Src/stm32f4xx_hal_msp.c:520:6:HAL_TIM_Base_MspDeInit	0	static
../Core/Src/stm32f4xx_hal_msp.c:542:6:HAL_UART_MspInit	64	static
../Core/Src/stm32f4xx_hal_msp.c:613:6:HAL_UART_MspDeInit	8	static
../Core/Src/stm32f4xx_hal_msp.c:664:6:HAL_PCD_MspInit	144	static
../Core/Src/stm32f4xx_hal_msp.c:716:6:HAL_PCD_MspDeInit	0	static
